Component: ARM Compiler 5.06 update 4 (build 422) Tool: armlink [4d35d2]

==============================================================================

Section Cross References

    startup_stm32f10x_md.o(RESET) refers to startup_stm32f10x_md.o(STACK) for __initial_sp
    startup_stm32f10x_md.o(RESET) refers to startup_stm32f10x_md.o(.text) for Reset_Handler
    startup_stm32f10x_md.o(RESET) refers to stm32f10x_it.o(.text) for NMI_Handler
    startup_stm32f10x_md.o(RESET) refers to bsp_can.o(.text) for USB_LP_CAN1_RX0_IRQHandler
    startup_stm32f10x_md.o(RESET) refers to md_task.o(.text) for TIM2_IRQHandler
    startup_stm32f10x_md.o(.text) refers to entry.o(.ARM.Collect$$$$00000000) for __main
    main.o(.text) refers to md_app.o(.text) for bsp_init
    main.o(.text) refers to md_task.o(.text) for task_start
    stm32f10x_it.o(.text) refers to bsp_systick.o(.text) for TimingDelay_Decrement
    stm32f10x_gpio.o(.text) refers to stm32f10x_rcc.o(.text) for RCC_APB2PeriphResetCmd
    stm32f10x_rcc.o(.text) refers to stm32f10x_rcc.o(.data) for APBAHBPrescTable
    stm32f10x_usart.o(.text) refers to stm32f10x_rcc.o(.text) for RCC_APB2PeriphResetCmd
    stm32f10x_can.o(.text) refers to stm32f10x_rcc.o(.text) for RCC_APB1PeriphResetCmd
    stm32f10x_tim.o(.text) refers to stm32f10x_rcc.o(.text) for RCC_APB2PeriphResetCmd
    bsp_can.o(.text) refers to stm32f10x_rcc.o(.text) for RCC_APB2PeriphClockCmd
    bsp_can.o(.text) refers to stm32f10x_gpio.o(.text) for GPIO_Init
    bsp_can.o(.text) refers to stm32f10x_can.o(.text) for CAN_DeInit
    bsp_gpio.o(.text) refers to stm32f10x_rcc.o(.text) for RCC_APB2PeriphClockCmd
    bsp_gpio.o(.text) refers to stm32f10x_gpio.o(.text) for GPIO_Init
    bsp_sys.o(.text) refers to misc.o(.text) for NVIC_PriorityGroupConfig
    bsp_systick.o(.text) refers to system_stm32f10x.o(.constdata) for SystemFrequency
    bsp_systick.o(.text) refers to bsp_systick.o(.data) for TimingDelay
    bsp_time.o(.text) refers to stm32f10x_rcc.o(.text) for RCC_APB1PeriphClockCmd
    bsp_time.o(.text) refers to stm32f10x_tim.o(.text) for TIM_TimeBaseInit
    bsp_uart.o(.text) refers to stm32f10x_rcc.o(.text) for RCC_APB2PeriphClockCmd
    bsp_uart.o(.text) refers to stm32f10x_gpio.o(.text) for GPIO_Init
    bsp_uart.o(.text) refers to stm32f10x_usart.o(.text) for USART_Init
    md_app.o(.text) refers to system_stm32f10x.o(.text) for SystemInit
    md_app.o(.text) refers to bsp_systick.o(.text) for sysTick_init
    md_app.o(.text) refers to bsp_sys.o(.text) for nvic_configuration
    md_app.o(.text) refers to bsp_can.o(.text) for bsp_can1_init
    md_app.o(.text) refers to bsp_gpio.o(.text) for bsp_gpio_init
    md_app.o(.text) refers to bsp_uart.o(.text) for bsp_uart1_init
    md_app.o(.text) refers to bsp_time.o(.text) for bsp_time2_init
    md_app.o(.text) refers to md_task.o(.text) for task_create
    md_task.o(.text) refers to malloc.o(i.malloc) for malloc
    md_task.o(.text) refers to stm32f10x_tim.o(.text) for TIM_GetITStatus
    md_task.o(.text) refers to md_task.o(.data) for taskList
    entry.o(.ARM.Collect$$$$00000000) refers (Special) to entry10a.o(.ARM.Collect$$$$0000000D) for __rt_final_cpp
    entry.o(.ARM.Collect$$$$00000000) refers (Special) to entry11a.o(.ARM.Collect$$$$0000000F) for __rt_final_exit
    entry.o(.ARM.Collect$$$$00000000) refers (Special) to entry7b.o(.ARM.Collect$$$$00000008) for _main_clock
    entry.o(.ARM.Collect$$$$00000000) refers (Special) to entry8b.o(.ARM.Collect$$$$0000000A) for _main_cpp_init
    entry.o(.ARM.Collect$$$$00000000) refers (Special) to entry9a.o(.ARM.Collect$$$$0000000B) for _main_init
    entry.o(.ARM.Collect$$$$00000000) refers (Special) to entry5.o(.ARM.Collect$$$$00000004) for _main_scatterload
    entry.o(.ARM.Collect$$$$00000000) refers (Special) to entry2.o(.ARM.Collect$$$$00000001) for _main_stk
    malloc.o(i.free) refers to mvars.o(.data) for __microlib_freelist
    malloc.o(i.malloc) refers to mvars.o(.data) for __microlib_freelist_initialised
    malloc.o(i.malloc) refers to mvars.o(.data) for __microlib_freelist
    malloc.o(i.malloc) refers to startup_stm32f10x_md.o(HEAP) for __heap_base
    mallocr.o(i.__free$realloc) refers to mvars.o(.data) for __microlib_freelist
    mallocr.o(i.__malloc$realloc) refers to mallocr.o(i.internal_alloc) for internal_alloc
    mallocr.o(i.__malloc$realloc) refers to mvars.o(.data) for __microlib_freelist_initialised
    mallocr.o(i.__malloc$realloc) refers to startup_stm32f10x_md.o(HEAP) for __heap_base
    mallocr.o(i.__malloc$realloc) refers to mvars.o(.data) for __microlib_freelist
    mallocr.o(i.internal_alloc) refers to memcpya.o(.text) for __aeabi_memcpy
    mallocr.o(i.internal_alloc) refers to mvars.o(.data) for __microlib_freelist
    mallocr.o(i.realloc) refers to mallocr.o(i.__free$realloc) for __free$realloc
    mallocr.o(i.realloc) refers to mallocr.o(i.internal_alloc) for internal_alloc
    mallocr.o(i.realloc) refers to mallocr.o(i.__malloc$realloc) for __malloc$realloc
    mallocr.o(i.realloc) refers to mvars.o(.data) for __microlib_freelist
    malloca.o(i.__aligned_malloc) refers to mvars.o(.data) for __microlib_freelist_initialised
    malloca.o(i.__aligned_malloc) refers to mvars.o(.data) for __microlib_freelist
    malloca.o(i.__aligned_malloc) refers to startup_stm32f10x_md.o(HEAP) for __heap_base
    malloca.o(i.__free$memalign) refers to mvars.o(.data) for __microlib_freelist
    malloca.o(i.__malloc$memalign) refers to malloca.o(i.__aligned_malloc) for __aligned_malloc
    mallocra.o(i.__aligned_malloc$realloc) refers to mallocra.o(i.internal_alloc) for internal_alloc
    mallocra.o(i.__aligned_malloc$realloc) refers to mvars.o(.data) for __microlib_freelist_initialised
    mallocra.o(i.__aligned_malloc$realloc) refers to startup_stm32f10x_md.o(HEAP) for __heap_base
    mallocra.o(i.__aligned_malloc$realloc) refers to mvars.o(.data) for __microlib_freelist
    mallocra.o(i.__free$realloc$memalign) refers to mvars.o(.data) for __microlib_freelist
    mallocra.o(i.__malloc$realloc$memalign) refers to mallocra.o(i.__aligned_malloc$realloc) for __aligned_malloc$realloc
    mallocra.o(i.__realloc$memalign) refers to mallocra.o(i.__free$realloc$memalign) for __free$realloc$memalign
    mallocra.o(i.__realloc$memalign) refers to mallocra.o(i.internal_alloc) for internal_alloc
    mallocra.o(i.__realloc$memalign) refers to mallocra.o(i.__malloc$realloc$memalign) for __malloc$realloc$memalign
    mallocra.o(i.__realloc$memalign) refers to mvars.o(.data) for __microlib_freelist
    mallocra.o(i.internal_alloc) refers to memcpya.o(.text) for __aeabi_memcpy
    mallocra.o(i.internal_alloc) refers to mvars.o(.data) for __microlib_freelist
    entry2.o(.ARM.Collect$$$$00000001) refers to entry2.o(.ARM.Collect$$$$00002712) for __lit__00000000
    entry2.o(.ARM.Collect$$$$00002712) refers to startup_stm32f10x_md.o(STACK) for __initial_sp
    entry2.o(__vectab_stack_and_reset_area) refers to startup_stm32f10x_md.o(STACK) for __initial_sp
    entry2.o(__vectab_stack_and_reset_area) refers to entry.o(.ARM.Collect$$$$00000000) for __main
    entry5.o(.ARM.Collect$$$$00000004) refers to init.o(.text) for __scatterload
    entry9a.o(.ARM.Collect$$$$0000000B) refers to main.o(.text) for main
    entry9b.o(.ARM.Collect$$$$0000000C) refers to main.o(.text) for main
    init.o(.text) refers to entry5.o(.ARM.Collect$$$$00000004) for __main_after_scatterload


==============================================================================

Removing Unused input sections from the image.

    Removing core_cm3.o(.emb_text), (32 bytes).
    Removing system_stm32f10x.o(.data), (4 bytes).

2 unused section(s) (total 36 bytes) removed from the image.

==============================================================================

Image Symbol Table

    Local Symbols

    Symbol Name                              Value     Ov Type        Size  Object(Section)

    ../clib/microlib/init/entry.s            0x00000000   Number         0  entry8b.o ABSOLUTE
    ../clib/microlib/init/entry.s            0x00000000   Number         0  entry11b.o ABSOLUTE
    ../clib/microlib/init/entry.s            0x00000000   Number         0  entry10b.o ABSOLUTE
    ../clib/microlib/init/entry.s            0x00000000   Number         0  entry10a.o ABSOLUTE
    ../clib/microlib/init/entry.s            0x00000000   Number         0  entry9b.o ABSOLUTE
    ../clib/microlib/init/entry.s            0x00000000   Number         0  entry9a.o ABSOLUTE
    ../clib/microlib/init/entry.s            0x00000000   Number         0  entry8a.o ABSOLUTE
    ../clib/microlib/init/entry.s            0x00000000   Number         0  entry.o ABSOLUTE
    ../clib/microlib/init/entry.s            0x00000000   Number         0  entry5.o ABSOLUTE
    ../clib/microlib/init/entry.s            0x00000000   Number         0  entry2.o ABSOLUTE
    ../clib/microlib/init/entry.s            0x00000000   Number         0  entry7b.o ABSOLUTE
    ../clib/microlib/init/entry.s            0x00000000   Number         0  entry7a.o ABSOLUTE
    ../clib/microlib/init/entry.s            0x00000000   Number         0  entry11a.o ABSOLUTE
    ../clib/microlib/malloc/malloc.c         0x00000000   Number         0  malloc.o ABSOLUTE
    ../clib/microlib/malloc/malloc.c         0x00000000   Number         0  mallocr.o ABSOLUTE
    ../clib/microlib/malloc/malloc.c         0x00000000   Number         0  malloca.o ABSOLUTE
    ../clib/microlib/malloc/malloc.c         0x00000000   Number         0  mallocra.o ABSOLUTE
    ../clib/microlib/malloc/mvars.c          0x00000000   Number         0  mvars.o ABSOLUTE
    ../clib/microlib/string/memcpy.c         0x00000000   Number         0  memcpyb.o ABSOLUTE
    ../clib/microlib/string/memcpy.c         0x00000000   Number         0  memcpya.o ABSOLUTE
    ..\CMSIS\core_cm3.c                      0x00000000   Number         0  core_cm3.o ABSOLUTE
    ..\CMSIS\startup\startup_stm32f10x_md.s  0x00000000   Number         0  startup_stm32f10x_md.o ABSOLUTE
    ..\CMSIS\system_stm32f10x.c              0x00000000   Number         0  system_stm32f10x.o ABSOLUTE
    ..\FWlib\src\misc.c                      0x00000000   Number         0  misc.o ABSOLUTE
    ..\FWlib\src\stm32f10x_can.c             0x00000000   Number         0  stm32f10x_can.o ABSOLUTE
    ..\FWlib\src\stm32f10x_gpio.c            0x00000000   Number         0  stm32f10x_gpio.o ABSOLUTE
    ..\FWlib\src\stm32f10x_rcc.c             0x00000000   Number         0  stm32f10x_rcc.o ABSOLUTE
    ..\FWlib\src\stm32f10x_tim.c             0x00000000   Number         0  stm32f10x_tim.o ABSOLUTE
    ..\FWlib\src\stm32f10x_usart.c           0x00000000   Number         0  stm32f10x_usart.o ABSOLUTE
    ..\HARDWARE\bsp\bsp_scr\bsp_can.c        0x00000000   Number         0  bsp_can.o ABSOLUTE
    ..\HARDWARE\bsp\bsp_scr\bsp_gpio.c       0x00000000   Number         0  bsp_gpio.o ABSOLUTE
    ..\HARDWARE\bsp\bsp_scr\bsp_sys.c        0x00000000   Number         0  bsp_sys.o ABSOLUTE
    ..\HARDWARE\bsp\bsp_scr\bsp_systick.c    0x00000000   Number         0  bsp_systick.o ABSOLUTE
    ..\HARDWARE\bsp\bsp_scr\bsp_time.c       0x00000000   Number         0  bsp_time.o ABSOLUTE
    ..\HARDWARE\bsp\bsp_scr\bsp_uart.c       0x00000000   Number         0  bsp_uart.o ABSOLUTE
    ..\HARDWARE\module\md_scr\md_app.c       0x00000000   Number         0  md_app.o ABSOLUTE
    ..\HARDWARE\module\md_scr\md_task.c      0x00000000   Number         0  md_task.o ABSOLUTE
    ..\\CMSIS\\core_cm3.c                    0x00000000   Number         0  core_cm3.o ABSOLUTE
    dc.s                                     0x00000000   Number         0  dc.o ABSOLUTE
    handlers.s                               0x00000000   Number         0  handlers.o ABSOLUTE
    init.s                                   0x00000000   Number         0  init.o ABSOLUTE
    main.c                                   0x00000000   Number         0  main.o ABSOLUTE
    stm32f10x_it.c                           0x00000000   Number         0  stm32f10x_it.o ABSOLUTE
    RESET                                    0x08000000   Section      236  startup_stm32f10x_md.o(RESET)
    .ARM.Collect$$$$00000000                 0x080000ec   Section        0  entry.o(.ARM.Collect$$$$00000000)
    .ARM.Collect$$$$00000001                 0x080000ec   Section        4  entry2.o(.ARM.Collect$$$$00000001)
    .ARM.Collect$$$$00000004                 0x080000f0   Section        4  entry5.o(.ARM.Collect$$$$00000004)
    .ARM.Collect$$$$00000008                 0x080000f4   Section        0  entry7b.o(.ARM.Collect$$$$00000008)
    .ARM.Collect$$$$0000000A                 0x080000f4   Section        0  entry8b.o(.ARM.Collect$$$$0000000A)
    .ARM.Collect$$$$0000000B                 0x080000f4   Section        8  entry9a.o(.ARM.Collect$$$$0000000B)
    .ARM.Collect$$$$0000000D                 0x080000fc   Section        0  entry10a.o(.ARM.Collect$$$$0000000D)
    .ARM.Collect$$$$0000000F                 0x080000fc   Section        0  entry11a.o(.ARM.Collect$$$$0000000F)
    .ARM.Collect$$$$00002712                 0x080000fc   Section        4  entry2.o(.ARM.Collect$$$$00002712)
    __lit__00000000                          0x080000fc   Data           4  entry2.o(.ARM.Collect$$$$00002712)
    .text                                    0x08000100   Section       28  startup_stm32f10x_md.o(.text)
    .text                                    0x0800011c   Section        0  main.o(.text)
    .text                                    0x0800012c   Section        0  stm32f10x_it.o(.text)
    .text                                    0x0800014c   Section        0  stm32f10x_gpio.o(.text)
    .text                                    0x080004a8   Section        0  stm32f10x_rcc.o(.text)
    .text                                    0x0800084c   Section        0  stm32f10x_usart.o(.text)
    .text                                    0x08000c54   Section        0  misc.o(.text)
    .text                                    0x08000d30   Section        0  stm32f10x_can.o(.text)
    CheckITStatus                            0x08001533   Thumb Code    18  stm32f10x_can.o(.text)
    .text                                    0x08001720   Section        0  stm32f10x_tim.o(.text)
    TI4_Config                               0x08001bc7   Thumb Code   130  stm32f10x_tim.o(.text)
    TI3_Config                               0x08001c5b   Thumb Code   122  stm32f10x_tim.o(.text)
    TI2_Config                               0x08001cef   Thumb Code   130  stm32f10x_tim.o(.text)
    TI1_Config                               0x08001d83   Thumb Code   108  stm32f10x_tim.o(.text)
    .text                                    0x0800253c   Section        0  system_stm32f10x.o(.text)
    SetSysClockTo72                          0x0800253d   Thumb Code   220  system_stm32f10x.o(.text)
    SetSysClock                              0x08002619   Thumb Code     8  system_stm32f10x.o(.text)
    .text                                    0x08002674   Section        0  bsp_can.o(.text)
    .text                                    0x0800282c   Section        0  bsp_gpio.o(.text)
    .text                                    0x080028c0   Section        0  bsp_sys.o(.text)
    .text                                    0x08002970   Section        0  bsp_systick.o(.text)
    .text                                    0x08002a18   Section        0  bsp_time.o(.text)
    .text                                    0x08002a98   Section        0  bsp_uart.o(.text)
    .text                                    0x08002c24   Section        0  md_app.o(.text)
    test                                     0x08002c5b   Thumb Code     4  md_app.o(.text)
    app_init                                 0x08002c5f   Thumb Code    14  md_app.o(.text)
    .text                                    0x08002c7c   Section        0  md_task.o(.text)
    Idletask                                 0x08002c7d   Thumb Code     2  md_task.o(.text)
    task_list_create                         0x08002c7f   Thumb Code    32  md_task.o(.text)
    task_add                                 0x08002c9f   Thumb Code    64  md_task.o(.text)
    task_change_state2                       0x08002cdf   Thumb Code    32  md_task.o(.text)
    task_polling                             0x08002cff   Thumb Code    32  md_task.o(.text)
    task_timeslice_tick                      0x08002d1f   Thumb Code    46  md_task.o(.text)
    .text                                    0x08002dd0   Section       36  init.o(.text)
    i.__scatterload_copy                     0x08002df4   Section       14  handlers.o(i.__scatterload_copy)
    i.__scatterload_null                     0x08002e02   Section        2  handlers.o(i.__scatterload_null)
    i.__scatterload_zeroinit                 0x08002e04   Section       14  handlers.o(i.__scatterload_zeroinit)
    i.malloc                                 0x08002e14   Section        0  malloc.o(i.malloc)
    .constdata                               0x08002e80   Section       20  system_stm32f10x.o(.constdata)
    .data                                    0x20000000   Section       20  stm32f10x_rcc.o(.data)
    APBAHBPrescTable                         0x20000000   Data          16  stm32f10x_rcc.o(.data)
    ADCPrescTable                            0x20000010   Data           4  stm32f10x_rcc.o(.data)
    .data                                    0x20000014   Section        4  bsp_systick.o(.data)
    TimingDelay                              0x20000014   Data           4  bsp_systick.o(.data)
    .data                                    0x20000018   Section        5  md_task.o(.data)
    taskList                                 0x20000018   Data           4  md_task.o(.data)
    scheduler_flag                           0x2000001c   Data           1  md_task.o(.data)
    .data                                    0x20000020   Section        4  mvars.o(.data)
    .data                                    0x20000024   Section        4  mvars.o(.data)
    HEAP                                     0x20000028   Section        0  startup_stm32f10x_md.o(HEAP)
    STACK                                    0x20000028   Section      512  startup_stm32f10x_md.o(STACK)

    Global Symbols

    Symbol Name                              Value     Ov Type        Size  Object(Section)

    BuildAttributes$$THM_ISAv4$P$D$K$B$S$PE$A:L22UL41UL21$X:L11$S22US41US21$IEEE1$IW$USESV6$~STKCKD$USESV7$~SHL$OSPACE$EBA8$MICROLIB$REQ8$PRES8$EABIv2 0x00000000   Number         0  anon$$obj.o ABSOLUTE
    __ARM_use_no_argv                        0x00000000   Number         0  main.o ABSOLUTE
    __cpp_initialize__aeabi_                  - Undefined Weak Reference
    __cxa_finalize                            - Undefined Weak Reference
    __decompress                              - Undefined Weak Reference
    _clock_init                               - Undefined Weak Reference
    _microlib_exit                            - Undefined Weak Reference
    __Vectors_Size                           0x000000ec   Number         0  startup_stm32f10x_md.o ABSOLUTE
    __Vectors                                0x08000000   Data           4  startup_stm32f10x_md.o(RESET)
    __Vectors_End                            0x080000ec   Data           0  startup_stm32f10x_md.o(RESET)
    __main                                   0x080000ed   Thumb Code     0  entry.o(.ARM.Collect$$$$00000000)
    _main_stk                                0x080000ed   Thumb Code     0  entry2.o(.ARM.Collect$$$$00000001)
    _main_scatterload                        0x080000f1   Thumb Code     0  entry5.o(.ARM.Collect$$$$00000004)
    __main_after_scatterload                 0x080000f5   Thumb Code     0  entry5.o(.ARM.Collect$$$$00000004)
    _main_clock                              0x080000f5   Thumb Code     0  entry7b.o(.ARM.Collect$$$$00000008)
    _main_cpp_init                           0x080000f5   Thumb Code     0  entry8b.o(.ARM.Collect$$$$0000000A)
    _main_init                               0x080000f5   Thumb Code     0  entry9a.o(.ARM.Collect$$$$0000000B)
    __rt_final_cpp                           0x080000fd   Thumb Code     0  entry10a.o(.ARM.Collect$$$$0000000D)
    __rt_final_exit                          0x080000fd   Thumb Code     0  entry11a.o(.ARM.Collect$$$$0000000F)
    Reset_Handler                            0x08000101   Thumb Code     4  startup_stm32f10x_md.o(.text)
    ADC1_2_IRQHandler                        0x08000117   Thumb Code     0  startup_stm32f10x_md.o(.text)
    CAN1_RX1_IRQHandler                      0x08000117   Thumb Code     0  startup_stm32f10x_md.o(.text)
    CAN1_SCE_IRQHandler                      0x08000117   Thumb Code     0  startup_stm32f10x_md.o(.text)
    DMA1_Channel1_IRQHandler                 0x08000117   Thumb Code     0  startup_stm32f10x_md.o(.text)
    DMA1_Channel2_IRQHandler                 0x08000117   Thumb Code     0  startup_stm32f10x_md.o(.text)
    DMA1_Channel3_IRQHandler                 0x08000117   Thumb Code     0  startup_stm32f10x_md.o(.text)
    DMA1_Channel4_IRQHandler                 0x08000117   Thumb Code     0  startup_stm32f10x_md.o(.text)
    DMA1_Channel5_IRQHandler                 0x08000117   Thumb Code     0  startup_stm32f10x_md.o(.text)
    DMA1_Channel6_IRQHandler                 0x08000117   Thumb Code     0  startup_stm32f10x_md.o(.text)
    DMA1_Channel7_IRQHandler                 0x08000117   Thumb Code     0  startup_stm32f10x_md.o(.text)
    EXTI0_IRQHandler                         0x08000117   Thumb Code     0  startup_stm32f10x_md.o(.text)
    EXTI15_10_IRQHandler                     0x08000117   Thumb Code     0  startup_stm32f10x_md.o(.text)
    EXTI1_IRQHandler                         0x08000117   Thumb Code     0  startup_stm32f10x_md.o(.text)
    EXTI2_IRQHandler                         0x08000117   Thumb Code     0  startup_stm32f10x_md.o(.text)
    EXTI3_IRQHandler                         0x08000117   Thumb Code     0  startup_stm32f10x_md.o(.text)
    EXTI4_IRQHandler                         0x08000117   Thumb Code     0  startup_stm32f10x_md.o(.text)
    EXTI9_5_IRQHandler                       0x08000117   Thumb Code     0  startup_stm32f10x_md.o(.text)
    FLASH_IRQHandler                         0x08000117   Thumb Code     0  startup_stm32f10x_md.o(.text)
    I2C1_ER_IRQHandler                       0x08000117   Thumb Code     0  startup_stm32f10x_md.o(.text)
    I2C1_EV_IRQHandler                       0x08000117   Thumb Code     0  startup_stm32f10x_md.o(.text)
    I2C2_ER_IRQHandler                       0x08000117   Thumb Code     0  startup_stm32f10x_md.o(.text)
    I2C2_EV_IRQHandler                       0x08000117   Thumb Code     0  startup_stm32f10x_md.o(.text)
    PVD_IRQHandler                           0x08000117   Thumb Code     0  startup_stm32f10x_md.o(.text)
    RCC_IRQHandler                           0x08000117   Thumb Code     0  startup_stm32f10x_md.o(.text)
    RTCAlarm_IRQHandler                      0x08000117   Thumb Code     0  startup_stm32f10x_md.o(.text)
    RTC_IRQHandler                           0x08000117   Thumb Code     0  startup_stm32f10x_md.o(.text)
    SPI1_IRQHandler                          0x08000117   Thumb Code     0  startup_stm32f10x_md.o(.text)
    SPI2_IRQHandler                          0x08000117   Thumb Code     0  startup_stm32f10x_md.o(.text)
    TAMPER_IRQHandler                        0x08000117   Thumb Code     0  startup_stm32f10x_md.o(.text)
    TIM1_BRK_IRQHandler                      0x08000117   Thumb Code     0  startup_stm32f10x_md.o(.text)
    TIM1_CC_IRQHandler                       0x08000117   Thumb Code     0  startup_stm32f10x_md.o(.text)
    TIM1_TRG_COM_IRQHandler                  0x08000117   Thumb Code     0  startup_stm32f10x_md.o(.text)
    TIM1_UP_IRQHandler                       0x08000117   Thumb Code     0  startup_stm32f10x_md.o(.text)
    TIM3_IRQHandler                          0x08000117   Thumb Code     0  startup_stm32f10x_md.o(.text)
    TIM4_IRQHandler                          0x08000117   Thumb Code     0  startup_stm32f10x_md.o(.text)
    USART1_IRQHandler                        0x08000117   Thumb Code     0  startup_stm32f10x_md.o(.text)
    USART2_IRQHandler                        0x08000117   Thumb Code     0  startup_stm32f10x_md.o(.text)
    USART3_IRQHandler                        0x08000117   Thumb Code     0  startup_stm32f10x_md.o(.text)
    USBWakeUp_IRQHandler                     0x08000117   Thumb Code     0  startup_stm32f10x_md.o(.text)
    USB_HP_CAN1_TX_IRQHandler                0x08000117   Thumb Code     0  startup_stm32f10x_md.o(.text)
    WWDG_IRQHandler                          0x08000117   Thumb Code     0  startup_stm32f10x_md.o(.text)
    main                                     0x0800011d   Thumb Code    16  main.o(.text)
    NMI_Handler                              0x0800012d   Thumb Code     2  stm32f10x_it.o(.text)
    HardFault_Handler                        0x0800012f   Thumb Code     4  stm32f10x_it.o(.text)
    MemManage_Handler                        0x08000133   Thumb Code     4  stm32f10x_it.o(.text)
    BusFault_Handler                         0x08000137   Thumb Code     4  stm32f10x_it.o(.text)
    UsageFault_Handler                       0x0800013b   Thumb Code     4  stm32f10x_it.o(.text)
    SVC_Handler                              0x0800013f   Thumb Code     2  stm32f10x_it.o(.text)
    DebugMon_Handler                         0x08000141   Thumb Code     2  stm32f10x_it.o(.text)
    PendSV_Handler                           0x08000143   Thumb Code     2  stm32f10x_it.o(.text)
    SysTick_Handler                          0x08000145   Thumb Code     8  stm32f10x_it.o(.text)
    GPIO_DeInit                              0x0800014d   Thumb Code   172  stm32f10x_gpio.o(.text)
    GPIO_AFIODeInit                          0x080001f9   Thumb Code    20  stm32f10x_gpio.o(.text)
    GPIO_Init                                0x0800020d   Thumb Code   278  stm32f10x_gpio.o(.text)
    GPIO_StructInit                          0x08000323   Thumb Code    16  stm32f10x_gpio.o(.text)
    GPIO_ReadInputDataBit                    0x08000333   Thumb Code    18  stm32f10x_gpio.o(.text)
    GPIO_ReadInputData                       0x08000345   Thumb Code     8  stm32f10x_gpio.o(.text)
    GPIO_ReadOutputDataBit                   0x0800034d   Thumb Code    18  stm32f10x_gpio.o(.text)
    GPIO_ReadOutputData                      0x0800035f   Thumb Code     8  stm32f10x_gpio.o(.text)
    GPIO_SetBits                             0x08000367   Thumb Code     4  stm32f10x_gpio.o(.text)
    GPIO_ResetBits                           0x0800036b   Thumb Code     4  stm32f10x_gpio.o(.text)
    GPIO_WriteBit                            0x0800036f   Thumb Code    10  stm32f10x_gpio.o(.text)
    GPIO_Write                               0x08000379   Thumb Code     4  stm32f10x_gpio.o(.text)
    GPIO_PinLockConfig                       0x0800037d   Thumb Code    18  stm32f10x_gpio.o(.text)
    GPIO_EventOutputConfig                   0x0800038f   Thumb Code    26  stm32f10x_gpio.o(.text)
    GPIO_EventOutputCmd                      0x080003a9   Thumb Code     6  stm32f10x_gpio.o(.text)
    GPIO_PinRemapConfig                      0x080003af   Thumb Code   138  stm32f10x_gpio.o(.text)
    GPIO_EXTILineConfig                      0x08000439   Thumb Code    66  stm32f10x_gpio.o(.text)
    GPIO_ETH_MediaInterfaceConfig            0x0800047b   Thumb Code     8  stm32f10x_gpio.o(.text)
    RCC_DeInit                               0x080004a9   Thumb Code    64  stm32f10x_rcc.o(.text)
    RCC_HSEConfig                            0x080004e9   Thumb Code    70  stm32f10x_rcc.o(.text)
    RCC_GetFlagStatus                        0x0800052f   Thumb Code    56  stm32f10x_rcc.o(.text)
    RCC_WaitForHSEStartUp                    0x08000567   Thumb Code    56  stm32f10x_rcc.o(.text)
    RCC_AdjustHSICalibrationValue            0x0800059f   Thumb Code    20  stm32f10x_rcc.o(.text)
    RCC_HSICmd                               0x080005b3   Thumb Code     6  stm32f10x_rcc.o(.text)
    RCC_PLLConfig                            0x080005b9   Thumb Code    24  stm32f10x_rcc.o(.text)
    RCC_PLLCmd                               0x080005d1   Thumb Code     6  stm32f10x_rcc.o(.text)
    RCC_SYSCLKConfig                         0x080005d7   Thumb Code    18  stm32f10x_rcc.o(.text)
    RCC_GetSYSCLKSource                      0x080005e9   Thumb Code    10  stm32f10x_rcc.o(.text)
    RCC_HCLKConfig                           0x080005f3   Thumb Code    18  stm32f10x_rcc.o(.text)
    RCC_PCLK1Config                          0x08000605   Thumb Code    18  stm32f10x_rcc.o(.text)
    RCC_PCLK2Config                          0x08000617   Thumb Code    20  stm32f10x_rcc.o(.text)
    RCC_ITConfig                             0x0800062b   Thumb Code    26  stm32f10x_rcc.o(.text)
    RCC_USBCLKConfig                         0x08000645   Thumb Code     8  stm32f10x_rcc.o(.text)
    RCC_ADCCLKConfig                         0x0800064d   Thumb Code    18  stm32f10x_rcc.o(.text)
    RCC_LSEConfig                            0x0800065f   Thumb Code    50  stm32f10x_rcc.o(.text)
    RCC_LSICmd                               0x08000691   Thumb Code     6  stm32f10x_rcc.o(.text)
    RCC_RTCCLKConfig                         0x08000697   Thumb Code    12  stm32f10x_rcc.o(.text)
    RCC_RTCCLKCmd                            0x080006a3   Thumb Code     8  stm32f10x_rcc.o(.text)
    RCC_GetClocksFreq                        0x080006ab   Thumb Code   192  stm32f10x_rcc.o(.text)
    RCC_AHBPeriphClockCmd                    0x0800076b   Thumb Code    26  stm32f10x_rcc.o(.text)
    RCC_APB2PeriphClockCmd                   0x08000785   Thumb Code    26  stm32f10x_rcc.o(.text)
    RCC_APB1PeriphClockCmd                   0x0800079f   Thumb Code    26  stm32f10x_rcc.o(.text)
    RCC_APB2PeriphResetCmd                   0x080007b9   Thumb Code    26  stm32f10x_rcc.o(.text)
    RCC_APB1PeriphResetCmd                   0x080007d3   Thumb Code    26  stm32f10x_rcc.o(.text)
    RCC_BackupResetCmd                       0x080007ed   Thumb Code     8  stm32f10x_rcc.o(.text)
    RCC_ClockSecuritySystemCmd               0x080007f5   Thumb Code     6  stm32f10x_rcc.o(.text)
    RCC_MCOConfig                            0x080007fb   Thumb Code     6  stm32f10x_rcc.o(.text)
    RCC_ClearFlag                            0x08000801   Thumb Code    14  stm32f10x_rcc.o(.text)
    RCC_GetITStatus                          0x0800080f   Thumb Code    20  stm32f10x_rcc.o(.text)
    RCC_ClearITPendingBit                    0x08000823   Thumb Code     6  stm32f10x_rcc.o(.text)
    USART_DeInit                             0x0800084d   Thumb Code   134  stm32f10x_usart.o(.text)
    USART_Init                               0x080008d3   Thumb Code   210  stm32f10x_usart.o(.text)
    USART_StructInit                         0x080009a5   Thumb Code    24  stm32f10x_usart.o(.text)
    USART_ClockInit                          0x080009bd   Thumb Code    34  stm32f10x_usart.o(.text)
    USART_ClockStructInit                    0x080009df   Thumb Code    12  stm32f10x_usart.o(.text)
    USART_Cmd                                0x080009eb   Thumb Code    24  stm32f10x_usart.o(.text)
    USART_ITConfig                           0x08000a03   Thumb Code    74  stm32f10x_usart.o(.text)
    USART_DMACmd                             0x08000a4d   Thumb Code    18  stm32f10x_usart.o(.text)
    USART_SetAddress                         0x08000a5f   Thumb Code    18  stm32f10x_usart.o(.text)
    USART_WakeUpConfig                       0x08000a71   Thumb Code    18  stm32f10x_usart.o(.text)
    USART_ReceiverWakeUpCmd                  0x08000a83   Thumb Code    24  stm32f10x_usart.o(.text)
    USART_LINBreakDetectLengthConfig         0x08000a9b   Thumb Code    18  stm32f10x_usart.o(.text)
    USART_LINCmd                             0x08000aad   Thumb Code    24  stm32f10x_usart.o(.text)
    USART_SendData                           0x08000ac5   Thumb Code     8  stm32f10x_usart.o(.text)
    USART_ReceiveData                        0x08000acd   Thumb Code    10  stm32f10x_usart.o(.text)
    USART_SendBreak                          0x08000ad7   Thumb Code    10  stm32f10x_usart.o(.text)
    USART_SetGuardTime                       0x08000ae1   Thumb Code    16  stm32f10x_usart.o(.text)
    USART_SetPrescaler                       0x08000af1   Thumb Code    16  stm32f10x_usart.o(.text)
    USART_SmartCardCmd                       0x08000b01   Thumb Code    24  stm32f10x_usart.o(.text)
    USART_SmartCardNACKCmd                   0x08000b19   Thumb Code    24  stm32f10x_usart.o(.text)
    USART_HalfDuplexCmd                      0x08000b31   Thumb Code    24  stm32f10x_usart.o(.text)
    USART_OverSampling8Cmd                   0x08000b49   Thumb Code    22  stm32f10x_usart.o(.text)
    USART_OneBitMethodCmd                    0x08000b5f   Thumb Code    24  stm32f10x_usart.o(.text)
    USART_IrDAConfig                         0x08000b77   Thumb Code    18  stm32f10x_usart.o(.text)
    USART_IrDACmd                            0x08000b89   Thumb Code    24  stm32f10x_usart.o(.text)
    USART_GetFlagStatus                      0x08000ba1   Thumb Code    26  stm32f10x_usart.o(.text)
    USART_ClearFlag                          0x08000bbb   Thumb Code    18  stm32f10x_usart.o(.text)
    USART_GetITStatus                        0x08000bcd   Thumb Code    84  stm32f10x_usart.o(.text)
    USART_ClearITPendingBit                  0x08000c21   Thumb Code    52  stm32f10x_usart.o(.text)
    NVIC_PriorityGroupConfig                 0x08000c55   Thumb Code    10  misc.o(.text)
    NVIC_Init                                0x08000c5f   Thumb Code   100  misc.o(.text)
    NVIC_SetVectorTable                      0x08000cc3   Thumb Code    14  misc.o(.text)
    NVIC_SystemLPConfig                      0x08000cd1   Thumb Code    34  misc.o(.text)
    SysTick_CLKSourceConfig                  0x08000cf3   Thumb Code    40  misc.o(.text)
    CAN_DeInit                               0x08000d31   Thumb Code    50  stm32f10x_can.o(.text)
    CAN_Init                                 0x08000d63   Thumb Code   276  stm32f10x_can.o(.text)
    CAN_FilterInit                           0x08000e77   Thumb Code   258  stm32f10x_can.o(.text)
    CAN_StructInit                           0x08000f79   Thumb Code    32  stm32f10x_can.o(.text)
    CAN_SlaveStartBank                       0x08000f99   Thumb Code    48  stm32f10x_can.o(.text)
    CAN_DBGFreeze                            0x08000fc9   Thumb Code    22  stm32f10x_can.o(.text)
    CAN_TTComModeCmd                         0x08000fdf   Thumb Code   118  stm32f10x_can.o(.text)
    CAN_Transmit                             0x08001055   Thumb Code   304  stm32f10x_can.o(.text)
    CAN_TransmitStatus                       0x08001185   Thumb Code   138  stm32f10x_can.o(.text)
    CAN_CancelTransmit                       0x0800120f   Thumb Code    48  stm32f10x_can.o(.text)
    CAN_Receive                              0x0800123f   Thumb Code   240  stm32f10x_can.o(.text)
    CAN_FIFORelease                          0x0800132f   Thumb Code    22  stm32f10x_can.o(.text)
    CAN_MessagePending                       0x08001345   Thumb Code    30  stm32f10x_can.o(.text)
    CAN_OperatingModeRequest                 0x08001363   Thumb Code   162  stm32f10x_can.o(.text)
    CAN_Sleep                                0x08001405   Thumb Code    30  stm32f10x_can.o(.text)
    CAN_WakeUp                               0x08001423   Thumb Code    48  stm32f10x_can.o(.text)
    CAN_GetLastErrorCode                     0x08001453   Thumb Code    12  stm32f10x_can.o(.text)
    CAN_GetReceiveErrorCounter               0x0800145f   Thumb Code    10  stm32f10x_can.o(.text)
    CAN_GetLSBTransmitErrorCounter           0x08001469   Thumb Code    12  stm32f10x_can.o(.text)
    CAN_ITConfig                             0x08001475   Thumb Code    18  stm32f10x_can.o(.text)
    CAN_GetFlagStatus                        0x08001487   Thumb Code   120  stm32f10x_can.o(.text)
    CAN_ClearFlag                            0x080014ff   Thumb Code    52  stm32f10x_can.o(.text)
    CAN_GetITStatus                          0x08001545   Thumb Code   310  stm32f10x_can.o(.text)
    CAN_ClearITPendingBit                    0x0800167b   Thumb Code   162  stm32f10x_can.o(.text)
    TIM_DeInit                               0x08001721   Thumb Code   424  stm32f10x_tim.o(.text)
    TIM_TimeBaseInit                         0x080018c9   Thumb Code   122  stm32f10x_tim.o(.text)
    TIM_OC1Init                              0x08001943   Thumb Code   132  stm32f10x_tim.o(.text)
    TIM_OC2Init                              0x080019c7   Thumb Code   154  stm32f10x_tim.o(.text)
    TIM_OC3Init                              0x08001a61   Thumb Code   150  stm32f10x_tim.o(.text)
    TIM_OC4Init                              0x08001af7   Thumb Code   182  stm32f10x_tim.o(.text)
    TIM_SetIC4Prescaler                      0x08001bad   Thumb Code    26  stm32f10x_tim.o(.text)
    TIM_SetIC3Prescaler                      0x08001c49   Thumb Code    18  stm32f10x_tim.o(.text)
    TIM_SetIC2Prescaler                      0x08001cd5   Thumb Code    26  stm32f10x_tim.o(.text)
    TIM_SetIC1Prescaler                      0x08001d71   Thumb Code    18  stm32f10x_tim.o(.text)
    TIM_ICInit                               0x08001def   Thumb Code   150  stm32f10x_tim.o(.text)
    TIM_PWMIConfig                           0x08001e85   Thumb Code   124  stm32f10x_tim.o(.text)
    TIM_BDTRConfig                           0x08001f01   Thumb Code    32  stm32f10x_tim.o(.text)
    TIM_TimeBaseStructInit                   0x08001f21   Thumb Code    18  stm32f10x_tim.o(.text)
    TIM_OCStructInit                         0x08001f33   Thumb Code    20  stm32f10x_tim.o(.text)
    TIM_ICStructInit                         0x08001f47   Thumb Code    18  stm32f10x_tim.o(.text)
    TIM_BDTRStructInit                       0x08001f59   Thumb Code    40  stm32f10x_tim.o(.text)
    TIM_Cmd                                  0x08001f81   Thumb Code    24  stm32f10x_tim.o(.text)
    TIM_CtrlPWMOutputs                       0x08001f99   Thumb Code    30  stm32f10x_tim.o(.text)
    TIM_ITConfig                             0x08001fb7   Thumb Code    18  stm32f10x_tim.o(.text)
    TIM_GenerateEvent                        0x08001fc9   Thumb Code     4  stm32f10x_tim.o(.text)
    TIM_DMAConfig                            0x08001fcd   Thumb Code    10  stm32f10x_tim.o(.text)
    TIM_DMACmd                               0x08001fd7   Thumb Code    18  stm32f10x_tim.o(.text)
    TIM_InternalClockConfig                  0x08001fe9   Thumb Code    12  stm32f10x_tim.o(.text)
    TIM_SelectInputTrigger                   0x08001ff5   Thumb Code    18  stm32f10x_tim.o(.text)
    TIM_ITRxExternalClockConfig              0x08002007   Thumb Code    24  stm32f10x_tim.o(.text)
    TIM_TIxExternalClockConfig               0x0800201f   Thumb Code    62  stm32f10x_tim.o(.text)
    TIM_ETRConfig                            0x0800205d   Thumb Code    28  stm32f10x_tim.o(.text)
    TIM_ETRClockMode1Config                  0x08002079   Thumb Code    54  stm32f10x_tim.o(.text)
    TIM_ETRClockMode2Config                  0x080020af   Thumb Code    32  stm32f10x_tim.o(.text)
    TIM_PrescalerConfig                      0x080020cf   Thumb Code     6  stm32f10x_tim.o(.text)
    TIM_CounterModeConfig                    0x080020d5   Thumb Code    18  stm32f10x_tim.o(.text)
    TIM_EncoderInterfaceConfig               0x080020e7   Thumb Code    66  stm32f10x_tim.o(.text)
    TIM_ForcedOC1Config                      0x08002129   Thumb Code    18  stm32f10x_tim.o(.text)
    TIM_ForcedOC2Config                      0x0800213b   Thumb Code    26  stm32f10x_tim.o(.text)
    TIM_ForcedOC3Config                      0x08002155   Thumb Code    18  stm32f10x_tim.o(.text)
    TIM_ForcedOC4Config                      0x08002167   Thumb Code    26  stm32f10x_tim.o(.text)
    TIM_ARRPreloadConfig                     0x08002181   Thumb Code    24  stm32f10x_tim.o(.text)
    TIM_SelectCOM                            0x08002199   Thumb Code    24  stm32f10x_tim.o(.text)
    TIM_SelectCCDMA                          0x080021b1   Thumb Code    24  stm32f10x_tim.o(.text)
    TIM_CCPreloadControl                     0x080021c9   Thumb Code    24  stm32f10x_tim.o(.text)
    TIM_OC1PreloadConfig                     0x080021e1   Thumb Code    18  stm32f10x_tim.o(.text)
    TIM_OC2PreloadConfig                     0x080021f3   Thumb Code    26  stm32f10x_tim.o(.text)
    TIM_OC3PreloadConfig                     0x0800220d   Thumb Code    18  stm32f10x_tim.o(.text)
    TIM_OC4PreloadConfig                     0x0800221f   Thumb Code    26  stm32f10x_tim.o(.text)
    TIM_OC1FastConfig                        0x08002239   Thumb Code    18  stm32f10x_tim.o(.text)
    TIM_OC2FastConfig                        0x0800224b   Thumb Code    26  stm32f10x_tim.o(.text)
    TIM_OC3FastConfig                        0x08002265   Thumb Code    18  stm32f10x_tim.o(.text)
    TIM_OC4FastConfig                        0x08002277   Thumb Code    26  stm32f10x_tim.o(.text)
    TIM_ClearOC1Ref                          0x08002291   Thumb Code    18  stm32f10x_tim.o(.text)
    TIM_ClearOC2Ref                          0x080022a3   Thumb Code    24  stm32f10x_tim.o(.text)
    TIM_ClearOC3Ref                          0x080022bb   Thumb Code    18  stm32f10x_tim.o(.text)
    TIM_ClearOC4Ref                          0x080022cd   Thumb Code    24  stm32f10x_tim.o(.text)
    TIM_OC1PolarityConfig                    0x080022e5   Thumb Code    18  stm32f10x_tim.o(.text)
    TIM_OC1NPolarityConfig                   0x080022f7   Thumb Code    18  stm32f10x_tim.o(.text)
    TIM_OC2PolarityConfig                    0x08002309   Thumb Code    26  stm32f10x_tim.o(.text)
    TIM_OC2NPolarityConfig                   0x08002323   Thumb Code    26  stm32f10x_tim.o(.text)
    TIM_OC3PolarityConfig                    0x0800233d   Thumb Code    26  stm32f10x_tim.o(.text)
    TIM_OC3NPolarityConfig                   0x08002357   Thumb Code    26  stm32f10x_tim.o(.text)
    TIM_OC4PolarityConfig                    0x08002371   Thumb Code    26  stm32f10x_tim.o(.text)
    TIM_CCxCmd                               0x0800238b   Thumb Code    30  stm32f10x_tim.o(.text)
    TIM_CCxNCmd                              0x080023a9   Thumb Code    30  stm32f10x_tim.o(.text)
    TIM_SelectOCxM                           0x080023c7   Thumb Code    82  stm32f10x_tim.o(.text)
    TIM_UpdateDisableConfig                  0x08002419   Thumb Code    24  stm32f10x_tim.o(.text)
    TIM_UpdateRequestConfig                  0x08002431   Thumb Code    24  stm32f10x_tim.o(.text)
    TIM_SelectHallSensor                     0x08002449   Thumb Code    24  stm32f10x_tim.o(.text)
    TIM_SelectOnePulseMode                   0x08002461   Thumb Code    18  stm32f10x_tim.o(.text)
    TIM_SelectOutputTrigger                  0x08002473   Thumb Code    18  stm32f10x_tim.o(.text)
    TIM_SelectSlaveMode                      0x08002485   Thumb Code    18  stm32f10x_tim.o(.text)
    TIM_SelectMasterSlaveMode                0x08002497   Thumb Code    18  stm32f10x_tim.o(.text)
    TIM_SetCounter                           0x080024a9   Thumb Code     4  stm32f10x_tim.o(.text)
    TIM_SetAutoreload                        0x080024ad   Thumb Code     4  stm32f10x_tim.o(.text)
    TIM_SetCompare1                          0x080024b1   Thumb Code     4  stm32f10x_tim.o(.text)
    TIM_SetCompare2                          0x080024b5   Thumb Code     4  stm32f10x_tim.o(.text)
    TIM_SetCompare3                          0x080024b9   Thumb Code     4  stm32f10x_tim.o(.text)
    TIM_SetCompare4                          0x080024bd   Thumb Code     6  stm32f10x_tim.o(.text)
    TIM_SetClockDivision                     0x080024c3   Thumb Code    18  stm32f10x_tim.o(.text)
    TIM_GetCapture1                          0x080024d5   Thumb Code     6  stm32f10x_tim.o(.text)
    TIM_GetCapture2                          0x080024db   Thumb Code     6  stm32f10x_tim.o(.text)
    TIM_GetCapture3                          0x080024e1   Thumb Code     6  stm32f10x_tim.o(.text)
    TIM_GetCapture4                          0x080024e7   Thumb Code     8  stm32f10x_tim.o(.text)
    TIM_GetCounter                           0x080024ef   Thumb Code     6  stm32f10x_tim.o(.text)
    TIM_GetPrescaler                         0x080024f5   Thumb Code     6  stm32f10x_tim.o(.text)
    TIM_GetFlagStatus                        0x080024fb   Thumb Code    18  stm32f10x_tim.o(.text)
    TIM_ClearFlag                            0x0800250d   Thumb Code     6  stm32f10x_tim.o(.text)
    TIM_GetITStatus                          0x08002513   Thumb Code    34  stm32f10x_tim.o(.text)
    TIM_ClearITPendingBit                    0x08002535   Thumb Code     6  stm32f10x_tim.o(.text)
    SystemInit                               0x08002621   Thumb Code    68  system_stm32f10x.o(.text)
    bsp_can1_init                            0x08002675   Thumb Code   306  bsp_can.o(.text)
    USB_LP_CAN1_RX0_IRQHandler               0x080027a7   Thumb Code    18  bsp_can.o(.text)
    can1_send_msg                            0x080027b9   Thumb Code   106  bsp_can.o(.text)
    bsp_gpio_init                            0x0800282d   Thumb Code   138  bsp_gpio.o(.text)
    nvic_configuration                       0x080028c1   Thumb Code   174  bsp_sys.o(.text)
    sysTick_init                             0x08002971   Thumb Code    90  bsp_systick.o(.text)
    delay_us                                 0x080029cb   Thumb Code    16  bsp_systick.o(.text)
    delay_ms                                 0x080029db   Thumb Code    22  bsp_systick.o(.text)
    TimingDelay_Decrement                    0x080029f1   Thumb Code    18  bsp_systick.o(.text)
    bsp_time2_init                           0x08002a19   Thumb Code    62  bsp_time.o(.text)
    bsp_time3_init                           0x08002a57   Thumb Code    60  bsp_time.o(.text)
    bsp_uart1_init                           0x08002a99   Thumb Code   124  bsp_uart.o(.text)
    bsp_uart2_init                           0x08002b15   Thumb Code   124  bsp_uart.o(.text)
    usart1_sendbyte                          0x08002b91   Thumb Code    22  bsp_uart.o(.text)
    usart1_sendbytes                         0x08002ba7   Thumb Code    30  bsp_uart.o(.text)
    usart2_sendbyte                          0x08002bc5   Thumb Code    22  bsp_uart.o(.text)
    usart2_sendbytes                         0x08002bdb   Thumb Code    30  bsp_uart.o(.text)
    fputc                                    0x08002bf9   Thumb Code    32  bsp_uart.o(.text)
    bsp_init                                 0x08002c25   Thumb Code    54  md_app.o(.text)
    module_init                              0x08002c6d   Thumb Code    12  md_app.o(.text)
    task_init                                0x08002d4d   Thumb Code    12  md_task.o(.text)
    task_start                               0x08002d59   Thumb Code    18  md_task.o(.text)
    task_scheduler                           0x08002d6b   Thumb Code    20  md_task.o(.text)
    task_change_state                        0x08002d7f   Thumb Code    20  md_task.o(.text)
    task_create                              0x08002d93   Thumb Code    24  md_task.o(.text)
    TIM2_IRQHandler                          0x08002dab   Thumb Code    26  md_task.o(.text)
    __scatterload                            0x08002dd1   Thumb Code    28  init.o(.text)
    __scatterload_rt2                        0x08002dd1   Thumb Code     0  init.o(.text)
    __scatterload_copy                       0x08002df5   Thumb Code    14  handlers.o(i.__scatterload_copy)
    __scatterload_null                       0x08002e03   Thumb Code     2  handlers.o(i.__scatterload_null)
    __scatterload_zeroinit                   0x08002e05   Thumb Code    14  handlers.o(i.__scatterload_zeroinit)
    malloc                                   0x08002e15   Thumb Code    92  malloc.o(i.malloc)
    SystemFrequency                          0x08002e80   Data           4  system_stm32f10x.o(.constdata)
    SystemFrequency_SysClk                   0x08002e84   Data           4  system_stm32f10x.o(.constdata)
    SystemFrequency_AHBClk                   0x08002e88   Data           4  system_stm32f10x.o(.constdata)
    SystemFrequency_APB1Clk                  0x08002e8c   Data           4  system_stm32f10x.o(.constdata)
    SystemFrequency_APB2Clk                  0x08002e90   Data           4  system_stm32f10x.o(.constdata)
    Region$$Table$$Base                      0x08002e94   Number         0  anon$$obj.o(Region$$Table)
    Region$$Table$$Limit                     0x08002eb4   Number         0  anon$$obj.o(Region$$Table)
    __microlib_freelist                      0x20000020   Data           4  mvars.o(.data)
    __microlib_freelist_initialised          0x20000024   Data           4  mvars.o(.data)
    __heap_base                              0x20000028   Data           0  startup_stm32f10x_md.o(HEAP)
    __heap_limit                             0x20000028   Data           0  startup_stm32f10x_md.o(HEAP)
    __initial_sp                             0x20000228   Data           0  startup_stm32f10x_md.o(STACK)



==============================================================================

Memory Map of the image

  Image Entry point : 0x08000101

  Load Region LR_1 (Base: 0x08000000, Size: 0x00002edc, Max: 0xffffffff, ABSOLUTE)

    Execution Region ER_RO (Base: 0x08000000, Size: 0x00002eb4, Max: 0xffffffff, ABSOLUTE)

    Base Addr    Size         Type   Attr      Idx    E Section Name        Object

    0x08000000   0x000000ec   Data   RO            3    RESET               startup_stm32f10x_md.o
    0x080000ec   0x00000000   Code   RO          402  * .ARM.Collect$$$$00000000  mc_w.l(entry.o)
    0x080000ec   0x00000004   Code   RO          433    .ARM.Collect$$$$00000001  mc_w.l(entry2.o)
    0x080000f0   0x00000004   Code   RO          436    .ARM.Collect$$$$00000004  mc_w.l(entry5.o)
    0x080000f4   0x00000000   Code   RO          438    .ARM.Collect$$$$00000008  mc_w.l(entry7b.o)
    0x080000f4   0x00000000   Code   RO          440    .ARM.Collect$$$$0000000A  mc_w.l(entry8b.o)
    0x080000f4   0x00000008   Code   RO          441    .ARM.Collect$$$$0000000B  mc_w.l(entry9a.o)
    0x080000fc   0x00000000   Code   RO          443    .ARM.Collect$$$$0000000D  mc_w.l(entry10a.o)
    0x080000fc   0x00000000   Code   RO          445    .ARM.Collect$$$$0000000F  mc_w.l(entry11a.o)
    0x080000fc   0x00000004   Code   RO          434    .ARM.Collect$$$$00002712  mc_w.l(entry2.o)
    0x08000100   0x0000001c   Code   RO            4  * .text               startup_stm32f10x_md.o
    0x0800011c   0x00000010   Code   RO           10    .text               main.o
    0x0800012c   0x00000020   Code   RO           74    .text               stm32f10x_it.o
    0x0800014c   0x0000035c   Code   RO          121    .text               stm32f10x_gpio.o
    0x080004a8   0x000003a4   Code   RO          133    .text               stm32f10x_rcc.o
    0x0800084c   0x00000408   Code   RO          147    .text               stm32f10x_usart.o
    0x08000c54   0x000000dc   Code   RO          159    .text               misc.o
    0x08000d30   0x000009f0   Code   RO          174    .text               stm32f10x_can.o
    0x08001720   0x00000e1a   Code   RO          186    .text               stm32f10x_tim.o
    0x0800253a   0x00000002   PAD
    0x0800253c   0x00000138   Code   RO          208    .text               system_stm32f10x.o
    0x08002674   0x000001b8   Code   RO          227    .text               bsp_can.o
    0x0800282c   0x00000094   Code   RO          242    .text               bsp_gpio.o
    0x080028c0   0x000000ae   Code   RO          257    .text               bsp_sys.o
    0x0800296e   0x00000002   PAD
    0x08002970   0x000000a8   Code   RO          272    .text               bsp_systick.o
    0x08002a18   0x00000080   Code   RO          290    .text               bsp_time.o
    0x08002a98   0x0000018c   Code   RO          305    .text               bsp_uart.o
    0x08002c24   0x00000058   Code   RO          320    .text               md_app.o
    0x08002c7c   0x00000154   Code   RO          385    .text               md_task.o
    0x08002dd0   0x00000024   Code   RO          453    .text               mc_w.l(init.o)
    0x08002df4   0x0000000e   Code   RO          457    i.__scatterload_copy  mc_w.l(handlers.o)
    0x08002e02   0x00000002   Code   RO          458    i.__scatterload_null  mc_w.l(handlers.o)
    0x08002e04   0x0000000e   Code   RO          459    i.__scatterload_zeroinit  mc_w.l(handlers.o)
    0x08002e12   0x00000002   PAD
    0x08002e14   0x0000006c   Code   RO          406    i.malloc            mc_w.l(malloc.o)
    0x08002e80   0x00000014   Data   RO          209    .constdata          system_stm32f10x.o
    0x08002e94   0x00000020   Data   RO          455    Region$$Table       anon$$obj.o


    Execution Region ER_RW (Base: 0x20000000, Size: 0x00000028, Max: 0xffffffff, ABSOLUTE)

    Base Addr    Size         Type   Attr      Idx    E Section Name        Object

    0x20000000   0x00000014   Data   RW          134    .data               stm32f10x_rcc.o
    0x20000014   0x00000004   Data   RW          273    .data               bsp_systick.o
    0x20000018   0x00000005   Data   RW          386    .data               md_task.o
    0x2000001d   0x00000003   PAD
    0x20000020   0x00000004   Data   RW          451    .data               mc_w.l(mvars.o)
    0x20000024   0x00000004   Data   RW          452    .data               mc_w.l(mvars.o)


    Execution Region ER_ZI (Base: 0x20000028, Size: 0x00000200, Max: 0xffffffff, ABSOLUTE)

    Base Addr    Size         Type   Attr      Idx    E Section Name        Object

    0x20000028   0x00000000   Zero   RW            2    HEAP                startup_stm32f10x_md.o
    0x20000028   0x00000200   Zero   RW            1    STACK               startup_stm32f10x_md.o


==============================================================================

Image component sizes


      Code (inc. data)   RO Data    RW Data    ZI Data      Debug   Object Name

       440         10          0          0          0       1849   bsp_can.o
       148         10          0          0          0        572   bsp_gpio.o
       174          0          0          0          0        621   bsp_sys.o
       168         22          0          4          0      16834   bsp_systick.o
       128          6          0          0          0        904   bsp_time.o
       396         12          0          0          0       2092   bsp_uart.o
        16          0          0          0          0       6159   main.o
        88          4          0          0          0        807   md_app.o
       340         12          0          5          0       3828   md_task.o
       220         22          0          0          0       3417   misc.o
        28          4        236          0        512        832   startup_stm32f10x_md.o
      2544         38          0          0          0       7984   stm32f10x_can.o
       860         38          0          0          0       5685   stm32f10x_gpio.o
        32          0          0          0          0     254634   stm32f10x_it.o
       932         36          0         20          0       8856   stm32f10x_rcc.o
      3610         88          0          0          0      22796   stm32f10x_tim.o
      1032         22          0          0          0       8408   stm32f10x_usart.o
       312         16         20          0          0       1733   system_stm32f10x.o

    ----------------------------------------------------------------------
     11472        340        288         32        512     348011   Object Totals
         0          0         32          0          0          0   (incl. Generated)
         4          0          0          3          0          0   (incl. Padding)

    ----------------------------------------------------------------------

      Code (inc. data)   RO Data    RW Data    ZI Data      Debug   Library Member Name

         0          0          0          0          0          0   entry.o
         0          0          0          0          0          0   entry10a.o
         0          0          0          0          0          0   entry11a.o
         8          4          0          0          0          0   entry2.o
         4          0          0          0          0          0   entry5.o
         0          0          0          0          0          0   entry7b.o
         0          0          0          0          0          0   entry8b.o
         8          4          0          0          0          0   entry9a.o
        30          0          0          0          0          0   handlers.o
        36          8          0          0          0         68   init.o
       108         16          0          0          0         84   malloc.o
         0          0          0          8          0          0   mvars.o

    ----------------------------------------------------------------------
       196         32          0          8          0        152   Library Totals
         2          0          0          0          0          0   (incl. Padding)

    ----------------------------------------------------------------------

      Code (inc. data)   RO Data    RW Data    ZI Data      Debug   Library Name

       194         32          0          8          0        152   mc_w.l

    ----------------------------------------------------------------------
       196         32          0          8          0        152   Library Totals

    ----------------------------------------------------------------------

==============================================================================


      Code (inc. data)   RO Data    RW Data    ZI Data      Debug   

     11668        372        288         40        512     346859   Grand Totals
     11668        372        288         40        512     346859   ELF Image Totals
     11668        372        288         40          0          0   ROM Totals

==============================================================================

    Total RO  Size (Code + RO Data)                11956 (  11.68kB)
    Total RW  Size (RW Data + ZI Data)               552 (   0.54kB)
    Total ROM Size (Code + RO Data + RW Data)      11996 (  11.71kB)

==============================================================================

